
[1m[30m[46m RUN [49m[39m[22m [36mv4.1.6 [39m[90mC:/Users/user/Desktop/cc-kelompok-a-extraordinary/frontend[39m

 [32mΓ£ô[39m src/__tests__/ProtectedRoute.test.jsx [2m([22m[2m3 tests[22m[2m)[22m[32m 106[2mms[22m[39m
 [32mΓ£ô[39m src/__tests__/StatusBadge.test.jsx [2m([22m[2m4 tests[22m[2m)[22m[32m 110[2mms[22m[39m
 [32mΓ£ô[39m src/__tests__/Button.test.jsx [2m([22m[2m3 tests[22m[2m)[22m[33m 368[2mms[22m[39m
     [33m[2mΓ£ô[22m[39m renders children correctly [33m 312[2mms[22m[39m
 [32mΓ£ô[39m src/__tests__/PageState.test.jsx [2m([22m[2m4 tests[22m[2m)[22m[33m 355[2mms[22m[39m
 [32mΓ£ô[39m src/__tests__/LoginPage.test.jsx [2m([22m[2m2 tests[22m[2m)[22m[33m 368[2mms[22m[39m
node.exe : [90mstderr[2m | src/__tests__/LoginPage.test.jsx[2m > [22m[2mLoginPage Component[2m > 
[22m[2mhandles form submission with validation
At C:\nodejs\npx.ps1:29 char:3
+   & $NODE_EXE $NPX_CLI_JS $args
+   ~~~~~~~~~~~~~~~~~~~~~~~~~~~~~
    + CategoryInfo          : NotSpecified: ([90mstderr[2m...with validation:String) [], RemoteException
    + FullyQualifiedErrorId : NativeCommandError
 
[22m[39mAn update to LoginPage inside a test was not wrapped in act(...).

When testing, code that causes React state updates should be wrapped into act(...):

act(() => {
  /* fire events that update state */
});
/* assert on the output */

This ensures that you're testing the behavior the user would see in the browser. Learn more at 
https://react.dev/link/wrap-tests-with-act

 [32mΓ£ô[39m src/__tests__/Dialog.test.jsx [2m([22m[2m2 tests[22m[2m)[22m[33m 423[2mms[22m[39m
     [33m[2mΓ£ô[22m[39m renders content when trigger is clicked [33m 324[2mms[22m[39m
 [32mΓ£ô[39m src/__tests__/ItemListPage.test.jsx [2m([22m[2m3 tests[22m[2m)[22m[32m 248[2mms[22m[39m

[2m Test Files [22m [1m[32m7 passed[39m[22m[90m (7)[39m
[2m      Tests [22m [1m[32m21 passed[39m[22m[90m (21)[39m
[2m   Start at [22m 08:54:15
[2m   Duration [22m 7.61s[2m (transform 1.52s, setup 2.76s, import 6.36s, tests 1.98s, environment 34.79s)[22m

